13:06:48.963 >> td
13:06:49.014 trigger debug on
13:06:56.119 tg:same=0,b=2237336,p=2339456,d=102120
13:06:58.782 >> utd
13:06:58.834 trigger debug off
13:08:16.307 >> td
13:08:16.357 trigger debug on
13:08:20.327 tg:same=0,b=2241830,p=2348521,d=106691
13:08:26.139 
13:08:26.139 tg:same=0,b=2239697,p=2348534,d=108837
13:08:31.624 
13:08:31.624 tg:same=0,b=2239762,p=2346955,d=107193
13:08:37.062 
13:08:37.063 tg:same=0,b=2241445,p=2343922,d=102477
13:08:42.597 
13:08:42.597 tg:same=0,b=2241264,p=2344880,d=103616
13:08:48.138 
13:08:48.138 tg:same=0,b=2236055,p=2348913,d=112858
13:08:53.676 
13:08:53.676 tg:same=0,b=2237365,p=2335139,d=97774
13:08:59.410 
13:08:59.410 tg:same=0,b=2240326,p=2343550,d=103224
13:09:04.905 
13:09:04.905 tg:same=0,b=2236384,p=2341743,d=105359
13:09:07.526 >> utd
13:09:07.576 trigger debug off
