08:58:57 === START 15 reps: G92 X200 Y200, G28 Z, 10x(G30 S-1 + Z+10), G28 Z, M18, 120s
"speeds":[600.0,300.0] "tolerance":0.0200 "triggerHeight":-0.0300 
08:58:59 --- rep 1 temps(slab,mat,bay,hotend) 21.55,21.68,23.2,20.88
08:59:14 G28Z_start attempts=3 Z:4.971 d=[103886 84596 95940 ] 
08:59:19 rep 1 probe 1 stop=-0.064 Z:9.936 d=[109820 ] 
08:59:25 rep 1 probe 2 stop=-0.061 Z:9.939 d=[96810 ] 
08:59:30 rep 1 probe 3 stop=-0.064 Z:9.936 d=[97841 ] 
08:59:35 rep 1 probe 4 stop=-0.062 Z:9.938 d=[103301 ] 
08:59:41 rep 1 probe 5 stop=-0.071 Z:9.929 d=[126256 ] 
08:59:46 rep 1 probe 6 stop=-0.064 Z:9.936 d=[108890 ] 
08:59:51 rep 1 probe 7 stop=-0.070 Z:9.930 d=[122515 ] 
08:59:57 rep 1 probe 8 stop=-0.069 Z:9.931 d=[118803 ] 
09:00:02 rep 1 probe 9 stop=-0.065 Z:9.935 d=[104377 ] 
09:00:07 rep 1 probe 10 stop=-0.066 Z:9.934 d=[107102 ] 
09:00:22 G28Z_end attempts=3 Z:4.969 d=[101101 80231 86438 ] 
09:00:24 M18, waiting 120s
09:02:25 --- rep 2 temps(slab,mat,bay,hotend) 21.49,21.66,23.22,20.82
09:02:39 G28Z_start attempts=3 Z:4.971 d=[114208 93614 98197 ] 
09:02:45 rep 2 probe 1 stop=-0.060 Z:9.940 d=[125788 ] 
09:02:50 rep 2 probe 2 stop=-0.052 Z:9.948 d=[99296 ] 
09:02:55 rep 2 probe 3 stop=-0.055 Z:9.945 d=[118985 ] 
09:03:01 rep 2 probe 4 stop=-0.052 Z:9.948 d=[103255 ] 
09:03:06 rep 2 probe 5 stop=-0.054 Z:9.946 d=[112166 ] 
09:03:11 rep 2 probe 6 stop=-0.058 Z:9.943 d=[118708 ] 
09:03:16 rep 2 probe 7 stop=-0.055 Z:9.945 d=[119334 ] 
09:03:21 rep 2 probe 8 stop=-0.056 Z:9.944 d=[111601 ] 
09:03:26 rep 2 probe 9 stop=-0.055 Z:9.945 d=[116108 ] 
09:03:32 rep 2 probe 10 stop=-0.051 Z:9.949 d=[105257 ] 
09:03:46 G28Z_end attempts=3 Z:4.971 d=[98680 97499 88449 ] 
09:03:48 M18, waiting 120s
09:05:49 --- rep 3 temps(slab,mat,bay,hotend) 21.49,21.68,23.45,20.82
09:06:03 G28Z_start attempts=3 Z:4.971 d=[86710 84463 81565 ] 
09:06:09 rep 3 probe 1 stop=-0.026 Z:9.974 d=[85475 ] 
09:06:14 rep 3 probe 2 stop=-0.025 Z:9.975 d=[90504 ] 
09:06:19 rep 3 probe 3 stop=-0.026 Z:9.974 d=[93446 ] 
09:06:25 rep 3 probe 4 stop=-0.021 Z:9.979 d=[85795 ] 
09:06:30 rep 3 probe 5 stop=-0.029 Z:9.971 d=[91783 ] 
09:06:35 rep 3 probe 6 stop=-0.025 Z:9.975 d=[82619 ] 
09:06:40 rep 3 probe 7 stop=-0.023 Z:9.977 d=[84235 ] 
09:06:45 rep 3 probe 8 stop=-0.027 Z:9.972 d=[86376 ] 
09:06:50 rep 3 probe 9 stop=-0.027 Z:9.972 d=[94791 ] 
09:06:56 rep 3 probe 10 stop=-0.027 Z:9.972 d=[89512 ] 
09:07:10 G28Z_end attempts=3 Z:4.968 d=[87850 90415 89153 ] 
09:07:12 M18, waiting 120s
09:09:13 --- rep 4 temps(slab,mat,bay,hotend) 21.49,21.66,23.48,20.8
09:09:28 G28Z_start attempts=3 Z:4.970 d=[112857 81074 78422 ] 
09:09:33 rep 4 probe 1 stop=-0.070 Z:9.930 d=[105295 ] 
09:09:38 rep 4 probe 2 stop=-0.072 Z:9.927 d=[114214 ] 
09:09:43 rep 4 probe 3 stop=-0.071 Z:9.929 d=[119019 ] 
09:09:49 rep 4 probe 4 stop=-0.066 Z:9.934 d=[106142 ] 
09:09:54 rep 4 probe 5 stop=-0.075 Z:9.925 d=[118716 ] 
09:09:59 rep 4 probe 6 stop=-0.069 Z:9.931 d=[113760 ] 
09:10:04 rep 4 probe 7 stop=-0.071 Z:9.929 d=[109762 ] 
09:10:09 rep 4 probe 8 stop=-0.072 Z:9.927 d=[114884 ] 
09:10:15 rep 4 probe 9 stop=-0.072 Z:9.927 d=[116545 ] 
09:10:20 rep 4 probe 10 stop=-0.068 Z:9.932 d=[105110 ] 
09:10:34 G28Z_end attempts=3 Z:4.970 d=[101107 81143 80263 ] 
09:10:36 M18, waiting 120s
09:12:38 --- rep 5 temps(slab,mat,bay,hotend) 21.55,21.63,23.48,20.82
09:12:52 G28Z_start attempts=3 Z:4.971 d=[81911 83185 83011 ] 
09:12:57 rep 5 probe 1 stop=-0.065 Z:9.935 d=[114979 ] 
09:13:03 rep 5 probe 2 stop=-0.068 Z:9.932 d=[123093 ] 
09:13:08 rep 5 probe 3 stop=-0.062 Z:9.938 d=[106673 ] 
09:13:13 rep 5 probe 4 stop=-0.056 Z:9.944 d=[97662 ] 
09:13:18 rep 5 probe 5 stop=-0.050 Z:9.950 d=[77246 ] 
09:13:23 rep 5 probe 6 stop=-0.056 Z:9.944 d=[93685 ] 
09:13:29 rep 5 probe 7 stop=-0.056 Z:9.944 d=[99675 ] 
09:13:34 rep 5 probe 8 stop=-0.061 Z:9.939 d=[105312 ] 
09:13:39 rep 5 probe 9 stop=-0.061 Z:9.939 d=[106196 ] 
09:13:44 rep 5 probe 10 stop=-0.061 Z:9.939 d=[105984 ] 
09:13:59 G28Z_end attempts=3 Z:4.971 d=[119989 93441 86028 ] 
09:14:01 M18, waiting 120s
09:16:02 --- rep 6 temps(slab,mat,bay,hotend) 21.52,21.63,23.61,20.88
09:16:16 G28Z_start attempts=3 Z:4.971 d=[107259 91024 88741 ] 
09:16:22 rep 6 probe 1 stop=-0.044 Z:9.956 d=[93684 ] 
09:16:27 rep 6 probe 2 stop=-0.043 Z:9.958 d=[91979 ] 
09:16:32 rep 6 probe 3 stop=-0.045 Z:9.955 d=[98140 ] 
09:16:37 rep 6 probe 4 stop=-0.051 Z:9.949 d=[115876 ] 
09:16:43 rep 6 probe 5 stop=-0.044 Z:9.956 d=[92818 ] 
09:16:48 rep 6 probe 6 stop=-0.049 Z:9.951 d=[110033 ] 
09:16:53 rep 6 probe 7 stop=-0.045 Z:9.955 d=[101142 ] 
09:16:58 rep 6 probe 8 stop=-0.044 Z:9.956 d=[96917 ] 
09:17:03 rep 6 probe 9 stop=-0.047 Z:9.953 d=[106485 ] 
09:17:08 rep 6 probe 10 stop=-0.052 Z:9.948 d=[115148 ] 
09:17:23 G28Z_end attempts=3 Z:4.972 d=[94099 87023 85763 ] 
09:17:25 M18, waiting 120s
09:19:26 --- rep 7 temps(slab,mat,bay,hotend) 21.49,21.65,23.61,20.85
09:19:40 G28Z_start attempts=3 Z:4.973 d=[110671 79098 94548 ] 
09:19:46 rep 7 probe 1 stop=-0.031 Z:9.969 d=[116637 ] 
09:19:51 rep 7 probe 2 stop=-0.030 Z:9.970 d=[113042 ] 
09:19:57 rep 7 probe 3 stop=-0.035 Z:9.965 d=[126036 ] 
09:20:02 rep 7 probe 4 stop=-0.031 Z:9.969 d=[117550 ] 
09:20:07 rep 7 probe 5 stop=-0.027 Z:9.972 d=[106022 ] 
09:20:12 rep 7 probe 6 stop=-0.029 Z:9.971 d=[108056 ] 
09:20:17 rep 7 probe 7 stop=-0.034 Z:9.966 d=[120435 ] 
09:20:22 rep 7 probe 8 stop=-0.029 Z:9.971 d=[108560 ] 
09:20:27 rep 7 probe 9 stop=-0.034 Z:9.966 d=[125489 ] 
09:20:33 rep 7 probe 10 stop=-0.030 Z:9.970 d=[108510 ] 
09:20:47 G28Z_end attempts=3 Z:4.971 d=[104997 85563 87801 ] 
09:20:49 M18, waiting 120s
09:22:51 --- rep 8 temps(slab,mat,bay,hotend) 21.52,21.65,23.63,20.93
09:23:05 G28Z_start attempts=3 Z:4.971 d=[88852 80967 85420 ] 
09:23:10 rep 8 probe 1 stop=-0.009 Z:9.991 d=[91772 ] 
09:23:16 rep 8 probe 2 stop=-0.007 Z:9.993 d=[83329 ] 
09:23:21 rep 8 probe 3 stop=-0.011 Z:9.989 d=[94021 ] 
09:23:26 rep 8 probe 4 stop=-0.010 Z:9.990 d=[85594 ] 
09:23:31 rep 8 probe 5 stop=-0.011 Z:9.989 d=[87174 ] 
09:23:36 rep 8 probe 6 stop=-0.011 Z:9.989 d=[79439 ] 
09:23:42 rep 8 probe 7 stop=-0.010 Z:9.990 d=[88567 ] 
09:23:47 rep 8 probe 8 stop=-0.011 Z:9.989 d=[89796 ] 
09:23:52 rep 8 probe 9 stop=-0.006 Z:9.994 d=[86132 ] 
09:23:57 rep 8 probe 10 stop=-0.014 Z:9.986 d=[87953 ] 
09:24:12 G28Z_end attempts=3 Z:4.968 d=[82608 89045 85099 ] 
09:24:14 M18, waiting 120s
09:26:15 --- rep 9 temps(slab,mat,bay,hotend) 21.52,21.65,23.76,20.93
09:26:29 G28Z_start attempts=3 Z:4.970 d=[106608 91232 93401 ] 
09:26:35 rep 9 probe 1 stop=-0.041 Z:9.959 d=[109992 ] 
09:26:40 rep 9 probe 2 stop=-0.038 Z:9.962 d=[102891 ] 
09:26:45 rep 9 probe 3 stop=-0.041 Z:9.959 d=[101542 ] 
09:26:51 rep 9 probe 4 stop=-0.040 Z:9.960 d=[106251 ] 
09:26:56 rep 9 probe 5 stop=-0.041 Z:9.959 d=[107567 ] 
09:27:01 rep 9 probe 6 stop=-0.039 Z:9.961 d=[101891 ] 
09:27:06 rep 9 probe 7 stop=-0.039 Z:9.961 d=[98943 ] 
09:27:11 rep 9 probe 8 stop=-0.040 Z:9.960 d=[105070 ] 
09:27:16 rep 9 probe 9 stop=-0.043 Z:9.958 d=[113048 ] 
09:27:21 rep 9 probe 10 stop=-0.041 Z:9.959 d=[108218 ] 
09:27:36 G28Z_end attempts=3 Z:4.970 d=[109581 88357 89508 ] 
09:27:39 M18, waiting 120s
09:29:40 --- rep 10 temps(slab,mat,bay,hotend) 21.52,21.63,23.84,20.95
09:29:54 G28Z_start attempts=3 Z:4.972 d=[87521 87085 97819 ] 
09:30:00 rep 10 probe 1 stop=-0.030 Z:9.970 d=[84816 ] 
09:30:05 rep 10 probe 2 stop=-0.032 Z:9.967 d=[88271 ] 
09:30:10 rep 10 probe 3 stop=-0.029 Z:9.971 d=[87438 ] 
09:30:15 rep 10 probe 4 stop=-0.030 Z:9.970 d=[83588 ] 
09:30:20 rep 10 probe 5 stop=-0.030 Z:9.970 d=[79801 ] 
09:30:25 rep 10 probe 6 stop=-0.031 Z:9.969 d=[81778 ] 
09:30:31 rep 10 probe 7 stop=-0.032 Z:9.967 d=[91658 ] 
09:30:36 rep 10 probe 8 stop=-0.029 Z:9.971 d=[85053 ] 
09:30:41 rep 10 probe 9 stop=-0.034 Z:9.966 d=[93547 ] 
09:30:46 rep 10 probe 10 stop=-0.029 Z:9.971 d=[84216 ] 
09:31:01 G28Z_end attempts=3 Z:4.972 d=[94649 82057 90170 ] 
09:31:03 M18, waiting 120s
09:33:04 --- rep 11 temps(slab,mat,bay,hotend) 21.52,21.65,23.81,20.95
09:33:18 G28Z_start attempts=3 Z:4.972 d=[108469 84326 82261 ] 
09:33:23 rep 11 probe 1 stop=-0.072 Z:9.927 d=[128293 ] 
09:33:29 rep 11 probe 2 stop=-0.069 Z:9.931 d=[113601 ] 
09:33:34 rep 11 probe 3 stop=-0.069 Z:9.931 d=[114066 ] 
09:33:39 rep 11 probe 4 stop=-0.066 Z:9.934 d=[114699 ] 
09:33:44 rep 11 probe 5 stop=-0.064 Z:9.936 d=[102685 ] 
09:33:49 rep 11 probe 6 stop=-0.071 Z:9.929 d=[124139 ] 
09:33:55 rep 11 probe 7 stop=-0.069 Z:9.931 d=[111608 ] 
09:34:00 rep 11 probe 8 stop=-0.064 Z:9.936 d=[95635 ] 
09:34:05 rep 11 probe 9 stop=-0.070 Z:9.930 d=[113531 ] 
09:34:10 rep 11 probe 10 stop=-0.068 Z:9.932 d=[108464 ] 
09:34:25 G28Z_end attempts=3 Z:4.969 d=[116216 81152 82849 ] 
09:34:27 M18, waiting 120s
09:36:28 --- rep 12 temps(slab,mat,bay,hotend) 21.52,21.56,23.94,20.98
09:36:42 G28Z_start attempts=3 Z:4.971 d=[95056 85659 88557 ] 
09:36:48 rep 12 probe 1 stop=-0.056 Z:9.944 d=[94366 ] 
09:36:53 rep 12 probe 2 stop=-0.062 Z:9.938 d=[114264 ] 
09:36:58 rep 12 probe 3 stop=-0.059 Z:9.941 d=[103342 ] 
09:37:03 rep 12 probe 4 stop=-0.060 Z:9.940 d=[110783 ] 
09:37:08 rep 12 probe 5 stop=-0.059 Z:9.941 d=[107212 ] 
09:37:14 rep 12 probe 6 stop=-0.064 Z:9.936 d=[119177 ] 
09:37:19 rep 12 probe 7 stop=-0.059 Z:9.941 d=[104773 ] 
09:37:24 rep 12 probe 8 stop=-0.062 Z:9.938 d=[116903 ] 
09:37:29 rep 12 probe 9 stop=-0.062 Z:9.938 d=[116252 ] 
09:37:35 rep 12 probe 10 stop=-0.062 Z:9.938 d=[121377 ] 
09:37:49 G28Z_end attempts=3 Z:4.970 d=[111221 77226 80115 ] 
09:37:51 M18, waiting 120s
09:39:52 --- rep 13 temps(slab,mat,bay,hotend) 21.52,21.61,23.97,20.98
09:40:06 G28Z_start attempts=3 Z:4.971 d=[92812 79885 86518 ] 
09:40:12 rep 13 probe 1 stop=-0.034 Z:9.966 d=[82587 ] 
09:40:17 rep 13 probe 2 stop=-0.030 Z:9.970 d=[80591 ] 
09:40:23 rep 13 probe 3 stop=-0.039 Z:9.961 d=[100138 ] 
09:40:28 rep 13 probe 4 stop=-0.032 Z:9.967 d=[84739 ] 
09:40:33 rep 13 probe 5 stop=-0.032 Z:9.967 d=[89195 ] 
09:40:38 rep 13 probe 6 stop=-0.034 Z:9.966 d=[85157 ] 
09:40:43 rep 13 probe 7 stop=-0.030 Z:9.970 d=[78599 ] 
09:40:49 rep 13 probe 8 stop=-0.027 Z:9.972 d=[78216 ] 
09:40:54 rep 13 probe 9 stop=-0.035 Z:9.965 d=[87768 ] 
09:40:59 rep 13 probe 10 stop=-0.039 Z:9.961 d=[97304 ] 
09:41:14 G28Z_end attempts=3 Z:4.970 d=[80243 81798 82057 ] 
09:41:16 M18, waiting 120s
09:43:17 --- rep 14 temps(slab,mat,bay,hotend) 21.55,21.68,23.97,20.95
09:43:31 G28Z_start attempts=3 Z:4.971 d=[76829 88022 83517 ] 
09:43:37 rep 14 probe 1 stop=-0.068 Z:9.932 d=[105349 ] 
09:43:42 rep 14 probe 2 stop=-0.061 Z:9.939 d=[92865 ] 
09:43:47 rep 14 probe 3 stop=-0.068 Z:9.932 d=[104196 ] 
09:43:52 rep 14 probe 4 stop=-0.065 Z:9.935 d=[105924 ] 
09:43:57 rep 14 probe 5 stop=-0.066 Z:9.934 d=[105618 ] 
09:44:02 rep 14 probe 6 stop=-0.069 Z:9.931 d=[116485 ] 
09:44:08 rep 14 probe 7 stop=-0.068 Z:9.932 d=[112903 ] 
09:44:13 rep 14 probe 8 stop=-0.068 Z:9.932 d=[106260 ] 
09:44:18 rep 14 probe 9 stop=-0.061 Z:9.939 d=[90739 ] 
09:44:23 rep 14 probe 10 stop=-0.060 Z:9.940 d=[88790 ] 
09:44:38 G28Z_end attempts=3 Z:4.967 d=[117400 84587 86213 ] 
09:44:40 M18, waiting 120s
09:46:41 --- rep 15 temps(slab,mat,bay,hotend) 21.49,21.7,24.1,20.98
09:46:55 G28Z_start attempts=3 Z:4.972 d=[90028 85280 87829 ] 
09:47:00 rep 15 probe 1 stop=-0.056 Z:9.944 d=[99593 ] 
09:47:06 rep 15 probe 2 stop=-0.060 Z:9.940 d=[109478 ] 
09:47:11 rep 15 probe 3 stop=-0.055 Z:9.945 d=[91011 ] 
09:47:16 rep 15 probe 4 stop=-0.055 Z:9.945 d=[94388 ] 
09:47:21 rep 15 probe 5 stop=-0.064 Z:9.936 d=[113539 ] 
09:47:26 rep 15 probe 6 stop=-0.060 Z:9.940 d=[112986 ] 
09:47:31 rep 15 probe 7 stop=-0.061 Z:9.939 d=[112447 ] 
09:47:37 rep 15 probe 8 stop=-0.062 Z:9.938 d=[111534 ] 
09:47:42 rep 15 probe 9 stop=-0.059 Z:9.941 d=[113334 ] 
09:47:47 rep 15 probe 10 stop=-0.055 Z:9.945 d=[95919 ] 
09:48:02 G28Z_end attempts=3 Z:4.971 d=[98321 87984 87585 ] 
09:48:03 M18, waiting 120s
09:48:03 === DONE
