14:12:02.466 >> td
14:12:02.516 trigger debug on
14:12:49.043 tg:same=0,b=2262746,p=2345215,d=82469
14:12:50.750 
14:12:50.750 tg:same=0,b=2231871,p=2334008,d=102137
14:12:58.642 
14:12:58.642 tg:same=0,b=2223222,p=2335966,d=112744
14:13:00.409 
14:13:00.410 tg:same=0,b=2220263,p=2329234,d=108971
14:13:07.948 
14:13:07.949 tg:same=0,b=2271521,p=2387932,d=116411
14:13:09.707 
14:13:09.707 tg:same=0,b=2264732,p=2375529,d=110797
14:13:17.241 
14:13:17.241 tg:same=0,b=2254367,p=2355737,d=101370
14:13:19.051 
14:13:19.051 tg:same=0,b=2251973,p=2351639,d=99666
14:13:27.288 
14:13:27.288 tg:same=0,b=2235814,p=2335000,d=99186
14:13:29.048 
14:13:29.048 tg:same=0,b=2235530,p=2325349,d=89819
14:13:41.466 
14:13:41.467 tg:same=0,b=2240925,p=2361060,d=120135
14:13:43.229 
14:13:43.229 tg:same=0,b=2246598,p=2359426,d=112828
14:13:46.141 
14:13:46.141 tg:same=0,b=2245286,p=2344247,d=98961
14:13:47.951 
14:13:47.951 tg:same=0,b=2223756,p=2327162,d=103406
14:13:50.814 
14:13:50.814 tg:same=0,b=2229462,p=2325467,d=96005
14:13:52.521 
14:13:52.521 tg:same=0,b=2216673,p=2330183,d=113510
14:13:55.439 
14:13:55.439 tg:same=0,b=2213982,p=2310564,d=96582
14:13:57.197 
14:13:57.197 tg:same=0,b=2221933,p=2315533,d=93600
14:14:00.113 
14:14:00.113 tg:same=0,b=2247415,p=2350603,d=103188
14:14:01.820 
14:14:01.820 tg:same=0,b=2228266,p=2340321,d=112055
14:14:03.477 
14:14:03.477 tg:same=0,b=2183570,p=2258817,d=75247
14:14:04.783 tg:same=1,b=2183570,p=2283515,d=99945
14:14:06.541 
14:14:06.541 tg:same=0,b=2225497,p=2342134,d=116637
14:14:08.197 
14:14:08.198 tg:same=0,b=2250400,p=2164958,d=-85442
14:14:09.453 tg:same=1,b=2250400,p=2346323,d=95923
14:14:11.211 
14:14:11.211 tg:same=0,b=2226393,p=2336489,d=110096
14:14:14.178 
14:14:14.178 tg:same=0,b=2227172,p=2319698,d=92526
14:14:15.939 
14:14:15.939 tg:same=0,b=2232716,p=2346212,d=113496
14:14:18.901 
14:14:18.901 tg:same=0,b=2221941,p=2309058,d=87117
14:14:20.661 
14:14:20.662 tg:same=0,b=2237074,p=2367454,d=130380
14:14:23.628 
14:14:23.628 tg:same=0,b=2246486,p=2346380,d=99894
14:14:25.385 
14:14:25.386 tg:same=0,b=2236951,p=2347216,d=110265
14:14:28.302 
14:14:28.302 tg:same=0,b=2202683,p=2282564,d=79881
14:14:30.063 
14:14:30.063 tg:same=0,b=2230295,p=2329809,d=99514
14:14:32.980 
14:14:32.980 tg:same=0,b=2194534,p=2284807,d=90273
14:14:34.788 
14:14:34.788 tg:same=0,b=2223827,p=2345111,d=121284
14:14:37.704 
14:14:37.704 tg:same=0,b=2189869,p=2290888,d=101019
14:14:39.462 
14:14:39.462 tg:same=0,b=2220581,p=2323654,d=103073
14:14:42.433 
14:14:42.433 tg:same=0,b=2216150,p=2307974,d=91824
14:14:44.191 
14:14:44.191 tg:same=0,b=2220424,p=2317828,d=97404
14:14:47.157 
14:14:47.157 tg:same=0,b=2206766,p=2307161,d=100395
14:14:48.917 
14:14:48.918 tg:same=0,b=2221736,p=2316184,d=94448
14:14:50.575 
14:14:50.575 tg:same=0,b=2272224,p=2180556,d=-91668
14:14:51.886 tg:same=1,b=2272224,p=2382783,d=110559
14:14:53.645 
14:14:53.645 tg:same=0,b=2218352,p=2321282,d=102930
14:14:56.609 
14:14:56.609 tg:same=0,b=2246881,p=2364273,d=117392
14:14:58.366 
14:14:58.366 tg:same=0,b=2230836,p=2335536,d=104700
14:15:01.280 
14:15:01.281 tg:same=0,b=2254897,p=2349059,d=94162
14:15:03.140 
14:15:03.140 tg:same=0,b=2235562,p=2337966,d=102404
14:15:06.054 
14:15:06.054 tg:same=0,b=2271901,p=2378894,d=106993
14:15:07.813 
14:15:07.813 tg:same=0,b=2239780,p=2351680,d=111900
14:15:10.777 
14:15:10.777 tg:same=0,b=2225761,p=2315680,d=89919
14:15:12.538 
14:15:12.538 tg:same=0,b=2242271,p=2341508,d=99237
14:15:15.552 
14:15:15.552 tg:same=0,b=2269120,p=2384942,d=115822
14:15:17.310 
14:15:17.310 tg:same=0,b=2239352,p=2344931,d=105579
14:15:20.277 
14:15:20.277 tg:same=0,b=2248558,p=2346466,d=97908
14:15:22.035 
14:15:22.035 tg:same=0,b=2242588,p=2351015,d=108427
14:15:25.103 
14:15:25.103 tg:same=0,b=2245948,p=2355628,d=109680
14:15:26.860 
14:15:26.860 tg:same=0,b=2243248,p=2372247,d=128999
14:15:29.775 
14:15:29.775 tg:same=0,b=2221301,p=2318345,d=97044
14:15:31.583 
14:15:31.583 tg:same=0,b=2246716,p=2351421,d=104705
14:15:33.190 
14:15:33.190 tg:same=0,b=2197490,p=2279064,d=81574
14:15:34.445 tg:same=1,b=2197490,p=2288398,d=90908
14:15:36.205 
14:15:36.205 tg:same=0,b=2243202,p=2340923,d=97721
14:15:37.962 
14:15:37.962 tg:same=0,b=2239115,p=2339699,d=100584
14:15:40.924 
14:15:40.924 tg:same=0,b=2212396,p=2297982,d=85586
14:15:42.684 
14:15:42.684 tg:same=0,b=2237820,p=2345056,d=107236
14:15:45.650 
14:15:45.650 tg:same=0,b=2199085,p=2294529,d=95444
14:15:47.458 
14:15:47.458 tg:same=0,b=2226851,p=2326165,d=99314
14:15:50.425 
14:15:50.425 tg:same=0,b=2189250,p=2308561,d=119311
14:15:52.182 
14:15:52.182 tg:same=0,b=2223600,p=2332123,d=108523
14:15:55.100 
14:15:55.100 tg:same=0,b=2240147,p=2347151,d=107004
14:15:56.857 
14:15:56.857 tg:same=0,b=2225943,p=2337669,d=111726
14:15:59.820 
14:15:59.821 tg:same=0,b=2251358,p=2365280,d=113922
14:16:01.583 
14:16:01.583 tg:same=0,b=2231003,p=2338718,d=107715
14:16:03.241 
14:16:03.241 tg:same=0,b=2271841,p=2197487,d=-74354
14:16:04.548 tg:same=1,b=2271841,p=2362938,d=91097
14:16:06.257 
14:16:06.257 tg:same=0,b=2233060,p=2330711,d=97651
14:16:09.173 
14:16:09.173 tg:same=0,b=2264035,p=2357585,d=93550
14:16:10.932 
14:16:10.933 tg:same=0,b=2240615,p=2345254,d=104639
14:16:12.590 
14:16:12.590 tg:same=0,b=2282513,p=2210106,d=-72407
14:16:13.847 tg:same=1,b=2282513,p=2370474,d=87961
14:16:15.554 
14:16:15.554 tg:same=0,b=2250714,p=2359851,d=109137
14:16:18.517 
14:16:18.517 tg:same=0,b=2210400,p=2298436,d=88036
14:16:20.274 
14:16:20.274 tg:same=0,b=2246021,p=2362497,d=116476
14:16:22.035 
14:16:22.035 tg:same=0,b=2244948,p=2362717,d=117769
14:16:23.693 
14:16:23.693 tg:same=0,b=2278930,p=2196421,d=-82509
14:16:24.999 tg:same=1,b=2278930,p=2375729,d=96799
14:16:26.762 
14:16:26.762 tg:same=0,b=2245477,p=2341580,d=96103
14:16:29.724 
14:16:29.724 tg:same=0,b=2253768,p=2343263,d=89495
14:16:31.485 
14:16:31.485 tg:same=0,b=2241530,p=2334998,d=93468
14:16:34.401 
14:16:34.401 tg:same=0,b=2220988,p=2308152,d=87164
14:16:36.160 
14:16:36.161 tg:same=0,b=2247998,p=2355127,d=107129
14:16:39.073 
14:16:39.073 tg:same=0,b=2227298,p=2306041,d=78743
14:16:40.882 
14:16:40.882 tg:same=0,b=2250791,p=2366368,d=115577
14:16:43.796 
14:16:43.796 tg:same=0,b=2217777,p=2307791,d=90014
14:16:45.556 
14:16:45.556 tg:same=0,b=2251563,p=2363575,d=112012
14:16:47.214 
14:16:47.214 tg:same=0,b=2216674,p=2293742,d=77068
14:16:48.470 tg:same=1,b=2216674,p=2313401,d=96727
14:16:50.228 
14:16:50.229 tg:same=0,b=2253434,p=2372980,d=119546
14:16:53.191 
14:16:53.191 tg:same=0,b=2229794,p=2327724,d=97930
14:16:54.953 
14:16:54.953 tg:same=0,b=2238525,p=2335459,d=96934
14:16:57.869 
14:16:57.869 tg:same=0,b=2233533,p=2347385,d=113852
14:16:59.627 
14:16:59.627 tg:same=0,b=2231708,p=2337709,d=106001
14:17:02.591 
14:17:02.591 tg:same=0,b=2290315,p=2395011,d=104696
14:17:04.349 
14:17:04.349 tg:same=0,b=2294932,p=2398044,d=103112
14:17:07.264 
14:17:07.264 tg:same=0,b=2369107,p=2462373,d=93266
14:17:09.021 
14:17:09.021 tg:same=0,b=2324377,p=2430455,d=106078
14:17:11.934 
14:17:11.934 tg:same=0,b=2313052,p=2416218,d=103166
14:17:13.742 
14:17:13.742 tg:same=0,b=2291477,p=2406490,d=115013
14:17:15.351 
14:17:15.351 tg:same=0,b=2268281,p=2351288,d=83007
14:17:16.662 tg:same=1,b=2268281,p=2351092,d=82811
14:17:18.419 
14:17:18.419 tg:same=0,b=2281010,p=2401167,d=120157
14:17:21.331 
14:17:21.331 tg:same=0,b=2252738,p=2335839,d=83101
14:17:23.090 
14:17:23.090 tg:same=0,b=2277293,p=2403999,d=126706
14:17:26.053 
14:17:26.053 tg:same=0,b=2288679,p=2383228,d=94549
14:17:27.760 
14:17:27.760 tg:same=0,b=2265375,p=2388262,d=122887
14:17:29.420 
14:17:29.420 tg:same=0,b=2204529,p=2311552,d=107023
14:17:30.675 tg:same=1,b=2204529,p=2331286,d=126757
14:17:32.482 
14:17:32.482 tg:same=0,b=2254564,p=2348951,d=94387
14:18:51.445 
14:18:51.445 tg:same=0,b=2217343,p=2314575,d=97232
14:18:53.255 
14:18:53.255 tg:same=0,b=2228083,p=2323276,d=95193
14:19:01.096 
14:19:01.097 tg:same=0,b=2206767,p=2316679,d=109912
14:19:02.854 
14:19:02.854 tg:same=0,b=2210570,p=2317380,d=106810
14:19:10.391 
14:19:10.391 tg:same=0,b=2259971,p=2375731,d=115760
14:19:12.151 
14:19:12.151 tg:same=0,b=2258429,p=2372862,d=114433
14:19:19.690 
14:19:19.690 tg:same=0,b=2241585,p=2348725,d=107140
14:19:21.450 
14:19:21.450 tg:same=0,b=2239240,p=2341159,d=101919
14:19:29.236 
14:19:29.236 tg:same=0,b=2210397,p=2312719,d=102322
14:19:30.999 
14:19:30.999 tg:same=0,b=2209803,p=2329504,d=119701
14:19:38.539 
14:19:38.539 tg:same=0,b=2266824,p=2372260,d=105436
14:19:40.298 
14:19:40.299 tg:same=0,b=2258666,p=2368148,d=109482
14:19:47.836 
14:19:47.836 tg:same=0,b=2236650,p=2348540,d=111890
14:19:49.648 
14:19:49.648 tg:same=0,b=2235929,p=2341994,d=106065
14:19:57.788 
14:19:57.788 tg:same=0,b=2232412,p=2331264,d=98852
14:19:59.548 
14:19:59.548 tg:same=0,b=2230187,p=2322914,d=92727
14:20:11.991 
14:20:11.991 tg:same=0,b=2237473,p=2342863,d=105390
14:20:13.801 
14:20:13.801 tg:same=0,b=2224635,p=2336070,d=111435
14:20:16.665 
14:20:16.665 tg:same=0,b=2234003,p=2325952,d=91949
14:20:18.474 
14:20:18.474 tg:same=0,b=2214842,p=2325179,d=110337
14:20:21.386 
14:20:21.386 tg:same=0,b=2186904,p=2262469,d=75565
14:20:23.144 
14:20:23.144 tg:same=0,b=2203039,p=2314026,d=110987
14:20:26.060 
14:20:26.060 tg:same=0,b=2227675,p=2326734,d=99059
14:20:27.823 
14:20:27.823 tg:same=0,b=2208644,p=2319070,d=110426
14:20:30.743 
14:20:30.743 tg:same=0,b=2232890,p=2325558,d=92668
14:20:32.451 
14:20:32.451 tg:same=0,b=2216100,p=2333832,d=117732
14:20:35.372 
14:20:35.372 tg:same=0,b=2224890,p=2341588,d=116698
14:20:37.129 
14:20:37.129 tg:same=0,b=2216381,p=2332692,d=116311
14:20:40.045 
14:20:40.045 tg:same=0,b=2235955,p=2353707,d=117752
14:20:41.805 
14:20:41.806 tg:same=0,b=2210856,p=2313266,d=102410
14:20:44.729 
14:20:44.729 tg:same=0,b=2226454,p=2331826,d=105372
14:20:46.537 
14:20:46.537 tg:same=0,b=2233829,p=2326157,d=92328
14:20:49.455 
14:20:49.455 tg:same=0,b=2238772,p=2356397,d=117625
14:20:51.267 
14:20:51.267 tg:same=0,b=2228837,p=2336737,d=107900
14:20:52.879 
14:20:52.879 tg:same=0,b=2327660,p=2194709,d=-132951
14:20:54.134 tg:same=1,b=2327660,p=2418227,d=90567
14:20:55.895 
14:20:55.895 tg:same=0,b=2229165,p=2336302,d=107137
14:20:57.704 
14:20:57.705 tg:same=0,b=2227047,p=2337066,d=110019
14:21:00.618 
14:21:00.618 tg:same=0,b=2197613,p=2277739,d=80126
14:21:02.377 
14:21:02.377 tg:same=0,b=2220867,p=2333977,d=113110
14:21:05.290 
14:21:05.290 tg:same=0,b=2247237,p=2339112,d=91875
14:21:07.099 
14:21:07.099 tg:same=0,b=2214584,p=2336746,d=122162
14:21:10.013 
14:21:10.013 tg:same=0,b=2188238,p=2275341,d=87103
14:21:11.776 
14:21:11.776 tg:same=0,b=2213946,p=2345662,d=131716
14:21:14.692 
14:21:14.692 tg:same=0,b=2225855,p=2332390,d=106535
14:21:16.499 
14:21:16.500 tg:same=0,b=2212733,p=2321358,d=108625
14:21:19.464 
14:21:19.464 tg:same=0,b=2195691,p=2297535,d=101844
14:21:21.221 
14:21:21.221 tg:same=0,b=2215307,p=2307758,d=92451
14:21:24.184 
14:21:24.184 tg:same=0,b=2243533,p=2356112,d=112579
14:21:25.943 
14:21:25.943 tg:same=0,b=2215860,p=2323691,d=107831
14:21:28.912 
14:21:28.912 tg:same=0,b=2241119,p=2339791,d=98672
14:21:30.671 
14:21:30.671 tg:same=0,b=2217474,p=2335313,d=117839
14:21:33.636 
14:21:33.636 tg:same=0,b=2239768,p=2334751,d=94983
14:21:35.394 
14:21:35.394 tg:same=0,b=2222168,p=2326469,d=104301
14:21:38.357 
14:21:38.357 tg:same=0,b=2263373,p=2349829,d=86456
14:21:40.115 
14:21:40.115 tg:same=0,b=2227526,p=2329254,d=101728
14:21:43.078 
14:21:43.078 tg:same=0,b=2236827,p=2353491,d=116664
14:21:44.837 
14:21:44.837 tg:same=0,b=2234183,p=2352515,d=118332
14:21:47.855 
14:21:47.855 tg:same=0,b=2255133,p=2359897,d=104764
14:21:49.617 
14:21:49.617 tg:same=0,b=2225784,p=2321229,d=95445
14:21:52.535 
14:21:52.535 tg:same=0,b=2243086,p=2338823,d=95737
14:21:54.343 
14:21:54.343 tg:same=0,b=2237162,p=2331752,d=94590
14:21:57.305 
14:21:57.306 tg:same=0,b=2237935,p=2345812,d=107877
14:21:59.117 
14:21:59.118 tg:same=0,b=2237254,p=2347191,d=109937
14:22:02.035 
14:22:02.035 tg:same=0,b=2201559,p=2285297,d=83738
14:22:03.844 
14:22:03.844 tg:same=0,b=2240353,p=2350874,d=110521
14:22:05.603 
14:22:05.603 tg:same=0,b=2236357,p=2345596,d=109239
14:22:08.573 
14:22:08.573 tg:same=0,b=2214413,p=2308995,d=94582
14:22:10.335 
14:22:10.335 tg:same=0,b=2231449,p=2334024,d=102575
14:22:13.251 
14:22:13.251 tg:same=0,b=2195685,p=2281385,d=85700
14:22:15.062 
14:22:15.062 tg:same=0,b=2232771,p=2348819,d=116048
14:22:17.930 
14:22:17.930 tg:same=0,b=2247531,p=2357029,d=109498
14:22:19.695 
14:22:19.695 tg:same=0,b=2218488,p=2335844,d=117356
14:22:22.671 
14:22:22.671 tg:same=0,b=2196846,p=2317238,d=120392
14:22:24.484 
14:22:24.484 tg:same=0,b=2213341,p=2313815,d=100474
14:22:27.456 
14:22:27.457 tg:same=0,b=2185993,p=2290181,d=104188
14:22:29.223 
14:22:29.223 tg:same=0,b=2221209,p=2330422,d=109213
14:22:30.886 
14:22:30.886 tg:same=0,b=2269205,p=2175647,d=-93558
14:22:32.195 tg:same=1,b=2269205,p=2366946,d=97741
14:22:33.958 
14:22:33.958 tg:same=0,b=2225627,p=2337476,d=111849
14:22:36.875 
14:22:36.875 tg:same=0,b=2251745,p=2352676,d=100931
14:22:38.684 
14:22:38.685 tg:same=0,b=2230875,p=2327922,d=97047
14:22:41.597 
14:22:41.597 tg:same=0,b=2258695,p=2349923,d=91228
14:22:43.359 
14:22:43.359 tg:same=0,b=2231735,p=2338278,d=106543
14:22:46.277 
14:22:46.278 tg:same=0,b=2274052,p=2365730,d=91678
14:22:48.087 
14:22:48.087 tg:same=0,b=2236355,p=2349667,d=113312
14:22:51.007 
14:22:51.007 tg:same=0,b=2224262,p=2311742,d=87480
14:22:52.764 
14:22:52.764 tg:same=0,b=2233471,p=2337411,d=103940
14:22:55.727 
14:22:55.727 tg:same=0,b=2219248,p=2308631,d=89383
14:22:57.484 
14:22:57.535 tg:same=0,b=2233160,p=2325717,d=92557
14:23:00.452 
14:23:00.453 tg:same=0,b=2247318,p=2352396,d=105078
14:23:02.211 
14:23:02.211 tg:same=0,b=2233137,p=2320149,d=87012
14:23:05.173 
14:23:05.174 tg:same=0,b=2206784,p=2294484,d=87700
14:23:06.883 
14:23:06.883 tg:same=0,b=2241595,p=2361594,d=119999
14:23:09.796 
14:23:09.796 tg:same=0,b=2209901,p=2294580,d=84679
14:23:11.605 
14:23:11.605 tg:same=0,b=2240151,p=2362637,d=122486
14:23:13.212 
14:23:13.212 tg:same=0,b=2192233,p=2283652,d=91419
14:23:14.517 tg:same=1,b=2192233,p=2297005,d=104772
14:23:16.276 
14:23:16.276 tg:same=0,b=2243097,p=2359993,d=116896
14:23:18.035 
14:23:18.035 tg:same=0,b=2243522,p=2348530,d=105008
14:23:19.694 
14:23:19.694 tg:same=0,b=2192257,p=2293524,d=101267
14:23:20.950 tg:same=1,b=2192257,p=2294044,d=101787
14:23:22.708 
14:23:22.708 tg:same=0,b=2247309,p=2345751,d=98442
14:23:25.672 
14:23:25.672 tg:same=0,b=2202279,p=2295855,d=93576
14:23:27.430 
14:23:27.430 tg:same=0,b=2239132,p=2342983,d=103851
14:23:30.392 
14:23:30.392 tg:same=0,b=2228962,p=2318703,d=89741
14:23:32.154 
14:23:32.154 tg:same=0,b=2227172,p=2321855,d=94683
14:23:35.072 
14:23:35.073 tg:same=0,b=2275339,p=2372896,d=97557
14:23:36.829 
14:23:36.830 tg:same=0,b=2287228,p=2399410,d=112182
14:23:39.742 
14:23:39.742 tg:same=0,b=2304047,p=2394325,d=90278
14:23:41.500 
14:23:41.501 tg:same=0,b=2310898,p=2408678,d=97780
14:23:44.464 
14:23:44.464 tg:same=0,b=2269355,p=2386159,d=116804
14:23:46.226 
14:23:46.226 tg:same=0,b=2285999,p=2393579,d=107580
14:23:47.833 
14:23:47.834 tg:same=0,b=2307560,p=2205854,d=-101706
14:23:49.089 tg:same=1,b=2307560,p=2402863,d=95303
14:23:50.899 
14:23:50.899 tg:same=0,b=2271755,p=2395139,d=123384
14:23:53.815 
14:23:53.815 tg:same=0,b=2251916,p=2377154,d=125238
14:23:55.577 
14:23:55.578 tg:same=0,b=2269016,p=2375161,d=106145
14:23:58.491 
14:23:58.491 tg:same=0,b=2278096,p=2380097,d=102001
14:24:00.300 
14:24:00.301 tg:same=0,b=2258949,p=2380516,d=121567
14:24:01.909 
14:24:01.910 tg:same=0,b=2276468,p=2198733,d=-77735
14:24:03.216 tg:same=1,b=2276468,p=2372572,d=96104
14:24:04.957 
14:24:04.958 tg:same=0,b=2247414,p=2343448,d=96034
14:24:27.059 >> utd
14:24:27.109 trigger debug off
