15:44:03.693 >> td
15:44:03.743 trigger debug on
15:44:46.844 tg:same=0,b=2201935,p=2324172,d=122237
15:44:48.606 
15:44:48.606 tg:same=0,b=2203589,p=2308916,d=105327
15:44:56.451 
15:44:56.451 tg:same=0,b=2186049,p=2293475,d=107426
15:44:58.211 
15:44:58.211 tg:same=0,b=2187793,p=2292708,d=104915
15:45:05.745 
15:45:05.745 tg:same=0,b=2249760,p=2364316,d=114556
15:45:07.504 
15:45:07.504 tg:same=0,b=2253280,p=2360280,d=107000
15:45:14.936 
15:45:14.936 tg:same=0,b=2221030,p=2334841,d=113811
15:45:16.743 
15:45:16.744 tg:same=0,b=2219268,p=2326188,d=106920
15:45:24.676 
15:45:24.676 tg:same=0,b=2188787,p=2282752,d=93965
15:45:26.485 
15:45:26.485 tg:same=0,b=2188693,p=2298574,d=109881
15:45:34.028 
15:45:34.028 tg:same=0,b=2253174,p=2358913,d=105739
15:45:35.787 
15:45:35.787 tg:same=0,b=2251761,p=2364887,d=113126
15:45:43.325 
15:45:43.325 tg:same=0,b=2218714,p=2311442,d=92728
15:45:45.084 
15:45:45.084 tg:same=0,b=2221377,p=2331471,d=110094
15:45:53.317 
15:45:53.317 tg:same=0,b=2213319,p=2320527,d=107208
15:45:55.075 
15:45:55.075 tg:same=0,b=2208746,p=2325738,d=116992
15:46:07.467 
15:46:07.467 tg:same=0,b=2216479,p=2314189,d=97710
15:46:09.231 
15:46:09.231 tg:same=0,b=2209390,p=2312817,d=103427
15:46:10.838 
15:46:10.838 tg:same=0,b=2235996,p=2152268,d=-83728
15:46:12.094 tg:same=1,b=2235996,p=2334937,d=98941
15:46:13.860 
15:46:13.860 tg:same=0,b=2186143,p=2273016,d=86873
15:46:16.728 
15:46:16.728 tg:same=0,b=2165991,p=2248368,d=82377
15:46:18.485 
15:46:18.485 tg:same=0,b=2179641,p=2285432,d=105791
15:46:21.400 
15:46:21.400 tg:same=0,b=2172590,p=2260009,d=87419
15:46:23.159 
15:46:23.159 tg:same=0,b=2195054,p=2296250,d=101196
15:46:26.081 
15:46:26.082 tg:same=0,b=2204040,p=2308052,d=104012
15:46:27.839 
15:46:27.839 tg:same=0,b=2200722,p=2304617,d=103895
15:46:30.705 
15:46:30.705 tg:same=0,b=2197063,p=2310992,d=113929
15:46:32.514 
15:46:32.514 tg:same=0,b=2196762,p=2305485,d=108723
15:46:35.332 
15:46:35.332 tg:same=0,b=2203522,p=2302879,d=99357
15:46:37.091 
15:46:37.091 tg:same=0,b=2187548,p=2289321,d=101773
15:46:39.954 
15:46:39.955 tg:same=0,b=2214430,p=2310176,d=95746
15:46:41.763 
15:46:41.763 tg:same=0,b=2214019,p=2312887,d=98868
15:46:44.676 
15:46:44.676 tg:same=0,b=2188770,p=2279628,d=90858
15:46:46.436 
15:46:46.436 tg:same=0,b=2216161,p=2319387,d=103226
15:46:49.349 
15:46:49.349 tg:same=0,b=2187010,p=2266818,d=79808
15:46:51.107 
15:46:51.107 tg:same=0,b=2210936,p=2321789,d=110853
15:46:54.019 
15:46:54.019 tg:same=0,b=2171923,p=2255167,d=83244
15:46:55.779 
15:46:55.779 tg:same=0,b=2202664,p=2316033,d=113369
15:46:58.691 
15:46:58.691 tg:same=0,b=2204545,p=2322711,d=118166
15:47:00.448 
15:47:00.449 tg:same=0,b=2199387,p=2315772,d=116385
15:47:03.361 
15:47:03.361 tg:same=0,b=2169322,p=2258555,d=89233
15:47:05.168 
15:47:05.168 tg:same=0,b=2192654,p=2300275,d=107621
15:47:08.034 
15:47:08.034 tg:same=0,b=2215129,p=2332179,d=117050
15:47:09.841 
15:47:09.841 tg:same=0,b=2191539,p=2283314,d=91775
15:47:12.703 
15:47:12.703 tg:same=0,b=2208892,p=2306531,d=97639
15:47:14.511 
15:47:14.511 tg:same=0,b=2198202,p=2296362,d=98160
15:47:16.069 
15:47:16.070 tg:same=0,b=2166744,p=2274954,d=108210
15:47:17.377 tg:same=1,b=2166744,p=2266255,d=99511
15:47:19.134 
15:47:19.134 tg:same=0,b=2192375,p=2270258,d=77883
15:47:22.046 
15:47:22.046 tg:same=0,b=2234874,p=2330389,d=95515
15:47:23.803 
15:47:23.803 tg:same=0,b=2202947,p=2312881,d=109934
15:47:25.467 
15:47:25.467 tg:same=0,b=2250750,p=2176739,d=-74011
15:47:26.777 tg:same=1,b=2250750,p=2352586,d=101836
15:47:28.534 
15:47:28.534 tg:same=0,b=2207095,p=2328741,d=121646
15:47:31.450 
15:47:31.450 tg:same=0,b=2237810,p=2347301,d=109491
15:47:33.258 
15:47:33.258 tg:same=0,b=2218260,p=2344338,d=126078
15:47:36.169 
15:47:36.169 tg:same=0,b=2242048,p=2350022,d=107974
15:47:37.977 
15:47:37.978 tg:same=0,b=2217255,p=2350716,d=133461
15:47:40.897 
15:47:40.897 tg:same=0,b=2208899,p=2297336,d=88437
15:47:42.654 
15:47:42.654 tg:same=0,b=2214496,p=2311705,d=97209
15:47:45.566 
15:47:45.566 tg:same=0,b=2227289,p=2333179,d=105890
15:47:47.328 
15:47:47.328 tg:same=0,b=2222120,p=2320609,d=98489
15:47:50.240 
15:47:50.240 tg:same=0,b=2193614,p=2284117,d=90503
15:47:51.997 
15:47:51.997 tg:same=0,b=2221867,p=2322907,d=101040
15:47:53.654 
15:47:53.654 tg:same=0,b=2176250,p=2252413,d=76163
15:47:54.909 tg:same=1,b=2176250,p=2276559,d=100309
15:47:56.716 
15:47:56.716 tg:same=0,b=2218370,p=2321196,d=102826
15:47:59.632 
15:47:59.633 tg:same=0,b=2245290,p=2351951,d=106661
15:48:01.391 
15:48:01.391 tg:same=0,b=2212879,p=2325343,d=112464
15:48:04.353 
15:48:04.353 tg:same=0,b=2179165,p=2267513,d=88348
15:48:06.110 
15:48:06.110 tg:same=0,b=2207106,p=2317478,d=110372
15:48:09.027 
15:48:09.027 tg:same=0,b=2221864,p=2351117,d=129253
15:48:10.786 
15:48:10.786 tg:same=0,b=2197735,p=2296544,d=98809
15:48:13.699 
15:48:13.699 tg:same=0,b=2173613,p=2292289,d=118676
15:48:15.457 
15:48:15.457 tg:same=0,b=2195085,p=2318075,d=122990
15:48:18.370 
15:48:18.371 tg:same=0,b=2209723,p=2315932,d=106209
15:48:20.128 
15:48:20.128 tg:same=0,b=2202638,p=2296701,d=94063
15:48:23.040 
15:48:23.040 tg:same=0,b=2183729,p=2271867,d=88138
15:48:24.799 
15:48:24.799 tg:same=0,b=2207052,p=2340690,d=133638
15:48:27.713 
15:48:27.713 tg:same=0,b=2191714,p=2269791,d=78077
15:48:29.477 
15:48:29.477 tg:same=0,b=2212477,p=2319110,d=106633
15:48:31.136 
15:48:31.136 tg:same=0,b=2249219,p=2176052,d=-73167
15:48:32.391 tg:same=1,b=2249219,p=2356776,d=107557
15:48:34.148 
15:48:34.148 tg:same=0,b=2215445,p=2317759,d=102314
15:48:37.062 
15:48:37.062 tg:same=0,b=2236834,p=2347408,d=110574
15:48:38.820 
15:48:38.821 tg:same=0,b=2212459,p=2338095,d=125636
15:48:41.732 
15:48:41.732 tg:same=0,b=2196558,p=2283795,d=87237
15:48:43.540 
15:48:43.540 tg:same=0,b=2214319,p=2341525,d=127206
15:48:46.407 
15:48:46.407 tg:same=0,b=2246539,p=2346099,d=99560
15:48:48.168 
15:48:48.168 tg:same=0,b=2217238,p=2308069,d=90831
15:48:51.034 
15:48:51.034 tg:same=0,b=2218481,p=2309598,d=91117
15:48:52.841 
15:48:52.842 tg:same=0,b=2225109,p=2324018,d=98909
15:48:55.705 
15:48:55.705 tg:same=0,b=2224969,p=2348610,d=123641
15:48:57.464 
15:48:57.464 tg:same=0,b=2216966,p=2343153,d=126187
15:49:00.328 
15:49:00.328 tg:same=0,b=2230802,p=2338040,d=107238
15:49:02.085 
15:49:02.085 tg:same=0,b=2232755,p=2335068,d=102313
15:49:04.999 
15:49:04.999 tg:same=0,b=2188783,p=2276123,d=87340
15:49:06.758 
15:49:06.759 tg:same=0,b=2216478,p=2332983,d=116505
15:49:09.622 
15:49:09.622 tg:same=0,b=2221934,p=2329994,d=108060
15:49:11.381 
15:49:11.381 tg:same=0,b=2225755,p=2336317,d=110562
15:49:14.245 
15:49:14.245 tg:same=0,b=2223501,p=2336068,d=112567
15:49:16.054 
15:49:16.054 tg:same=0,b=2213755,p=2293530,d=79775
15:49:18.873 
15:49:18.874 tg:same=0,b=2196829,p=2290690,d=93861
15:49:20.581 
15:49:20.582 tg:same=0,b=2209582,p=2306375,d=96793
15:49:23.394 
15:49:23.394 tg:same=0,b=2286372,p=2400284,d=113912
15:49:25.153 
15:49:25.153 tg:same=0,b=2291203,p=2386786,d=95583
15:49:27.917 
15:49:27.917 tg:same=0,b=2306827,p=2405248,d=98421
15:49:29.729 
15:49:29.729 tg:same=0,b=2321190,p=2424008,d=102818
15:49:32.492 
15:49:32.492 tg:same=0,b=2265403,p=2363272,d=97869
15:49:34.252 
15:49:34.253 tg:same=0,b=2276503,p=2378681,d=102178
15:49:35.859 
15:49:35.859 tg:same=0,b=2208781,p=2294863,d=86082
15:49:37.064 tg:same=1,b=2208781,p=2305701,d=96920
15:49:38.872 
15:49:38.872 tg:same=0,b=2250719,p=2362458,d=111739
15:49:41.689 
15:49:41.689 tg:same=0,b=2260669,p=2369999,d=109330
15:49:43.499 
15:49:43.499 tg:same=0,b=2241109,p=2362818,d=121709
15:49:46.312 
15:49:46.312 tg:same=0,b=2266834,p=2364304,d=97470
15:49:48.120 
15:49:48.121 tg:same=0,b=2229094,p=2348556,d=119462
15:49:50.935 
15:49:50.935 tg:same=0,b=2245601,p=2352004,d=106403
15:49:52.743 
15:49:52.744 tg:same=0,b=2221356,p=2316498,d=95142
15:51:13.110 
15:51:13.110 tg:same=0,b=2217418,p=2316828,d=99410
15:51:14.869 
15:51:14.869 tg:same=0,b=2202982,p=2312876,d=109894
15:51:22.704 
15:51:22.705 tg:same=0,b=2175812,p=2279673,d=103861
15:51:24.464 
15:51:24.464 tg:same=0,b=2179587,p=2282535,d=102948
15:51:31.954 
15:51:31.954 tg:same=0,b=2247325,p=2361259,d=113934
15:51:33.661 
15:51:33.661 tg:same=0,b=2247310,p=2365449,d=118139
15:51:41.157 
15:51:41.157 tg:same=0,b=2208160,p=2299671,d=91511
15:51:42.916 
15:51:42.916 tg:same=0,b=2211839,p=2321878,d=110039
15:51:50.856 
15:51:50.856 tg:same=0,b=2185914,p=2294796,d=108882
15:51:52.615 
15:51:52.615 tg:same=0,b=2187543,p=2292842,d=105299
15:52:00.152 
15:52:00.152 tg:same=0,b=2246410,p=2350699,d=104289
15:52:01.909 
15:52:01.910 tg:same=0,b=2245653,p=2356838,d=111185
15:52:09.445 
15:52:09.445 tg:same=0,b=2212638,p=2305697,d=93059
15:52:11.254 
15:52:11.254 tg:same=0,b=2214397,p=2311222,d=96825
15:52:18.934 
15:52:18.934 tg:same=0,b=2189547,p=2289600,d=100053
15:52:20.742 
15:52:20.742 tg:same=0,b=2186890,p=2295101,d=108211
15:52:28.226 
15:52:28.226 tg:same=0,b=2245688,p=2348941,d=103253
15:52:29.984 
15:52:29.984 tg:same=0,b=2246329,p=2353454,d=107125
15:52:37.518 
15:52:37.518 tg:same=0,b=2215024,p=2321925,d=106901
15:52:39.277 
15:52:39.277 tg:same=0,b=2211106,p=2307763,d=96657
15:52:47.515 
15:52:47.515 tg:same=0,b=2212368,p=2328205,d=115837
15:52:49.324 
15:52:49.324 tg:same=0,b=2211213,p=2321004,d=109791
15:53:02.025 
15:53:02.025 tg:same=0,b=2202689,p=2320281,d=117592
15:53:03.789 
15:53:03.789 tg:same=0,b=2203707,p=2296618,d=92911
15:53:06.655 
15:53:06.655 tg:same=0,b=2180718,p=2286539,d=105821
15:53:08.413 
15:53:08.413 tg:same=0,b=2187669,p=2290113,d=102444
15:53:11.328 
15:53:11.328 tg:same=0,b=2168691,p=2283597,d=114906
15:53:13.086 
15:53:13.086 tg:same=0,b=2184184,p=2285698,d=101514
15:53:16.002 
15:53:16.002 tg:same=0,b=2181452,p=2282176,d=100724
15:53:17.759 
15:53:17.759 tg:same=0,b=2194325,p=2302145,d=107820
15:53:20.671 
15:53:20.671 tg:same=0,b=2221135,p=2313384,d=92249
15:53:22.430 
15:53:22.430 tg:same=0,b=2199518,p=2308565,d=109047
15:53:25.344 
15:53:25.344 tg:same=0,b=2222461,p=2333876,d=111415
15:53:27.102 
15:53:27.102 tg:same=0,b=2197266,p=2307449,d=110183
15:53:29.967 
15:53:29.967 tg:same=0,b=2159401,p=2285905,d=126504
15:53:31.729 
15:53:31.729 tg:same=0,b=2194825,p=2290919,d=96094
15:53:34.591 
15:53:34.591 tg:same=0,b=2205866,p=2302997,d=97131
15:53:36.401 
15:53:36.401 tg:same=0,b=2211997,p=2318002,d=106005
15:53:39.315 
15:53:39.315 tg:same=0,b=2228629,p=2353914,d=125285
15:53:41.074 
15:53:41.074 tg:same=0,b=2212579,p=2323918,d=111339
15:53:43.986 
15:53:43.986 tg:same=0,b=2180799,p=2258348,d=77549
15:53:45.743 
15:53:45.744 tg:same=0,b=2203251,p=2319267,d=116016
15:53:47.352 
15:53:47.352 tg:same=0,b=2141575,p=2263365,d=121790
15:53:48.657 tg:same=1,b=2141575,p=2251469,d=109894
15:53:50.418 
15:53:50.418 tg:same=0,b=2205166,p=2312880,d=107714
15:53:53.330 
15:53:53.330 tg:same=0,b=2158417,p=2249056,d=90639
15:53:55.139 
15:53:55.139 tg:same=0,b=2198274,p=2317703,d=119429
15:53:58.001 
15:53:58.001 tg:same=0,b=2154692,p=2256317,d=101625
15:53:59.809 
15:53:59.809 tg:same=0,b=2188245,p=2293082,d=104837
15:54:02.669 
15:54:02.670 tg:same=0,b=2183265,p=2277390,d=94125
15:54:04.479 
15:54:04.480 tg:same=0,b=2198403,p=2301980,d=103577
15:54:07.344 
15:54:07.344 tg:same=0,b=2181411,p=2282646,d=101235
15:54:09.052 
15:54:09.052 tg:same=0,b=2196164,p=2298596,d=102432
15:54:11.966 
15:54:11.966 tg:same=0,b=2228618,p=2343519,d=114901
15:54:13.775 
15:54:13.776 tg:same=0,b=2193809,p=2295364,d=101555
15:54:16.695 
15:54:16.695 tg:same=0,b=2223050,p=2343915,d=120865
15:54:18.454 
15:54:18.454 tg:same=0,b=2200688,p=2317735,d=117047
15:54:21.425 
15:54:21.425 tg:same=0,b=2187397,p=2267388,d=79991
15:54:23.184 
15:54:23.184 tg:same=0,b=2211821,p=2322918,d=111097
15:54:26.148 
15:54:26.148 tg:same=0,b=2188907,p=2268801,d=79894
15:54:27.905 
15:54:27.905 tg:same=0,b=2213204,p=2316911,d=103707
15:54:30.869 
15:54:30.869 tg:same=0,b=2222245,p=2348237,d=125992
15:54:32.627 
15:54:32.627 tg:same=0,b=2219971,p=2339146,d=119175
15:54:35.540 
15:54:35.540 tg:same=0,b=2231631,p=2327720,d=96089
15:54:37.298 
15:54:37.298 tg:same=0,b=2220711,p=2302552,d=81841
15:54:40.210 
15:54:40.211 tg:same=0,b=2202711,p=2306742,d=104031
15:54:41.970 
15:54:41.970 tg:same=0,b=2218622,p=2305788,d=87166
15:54:44.892 
15:54:44.893 tg:same=0,b=2189890,p=2291679,d=101789
15:54:46.652 
15:54:46.652 tg:same=0,b=2220883,p=2324805,d=103922
15:54:49.565 
15:54:49.566 tg:same=0,b=2202804,p=2331428,d=128624
15:54:51.374 
15:54:51.375 tg:same=0,b=2221722,p=2329967,d=108245
15:54:54.286 
15:54:54.286 tg:same=0,b=2226605,p=2344498,d=117893
15:54:56.045 
15:54:56.046 tg:same=0,b=2212472,p=2317788,d=105316
15:54:58.960 
15:54:58.960 tg:same=0,b=2175561,p=2265641,d=90080
15:55:00.718 
15:55:00.718 tg:same=0,b=2206342,p=2318245,d=111903
15:55:03.680 
15:55:03.680 tg:same=0,b=2184067,p=2277749,d=93682
15:55:05.438 
15:55:05.438 tg:same=0,b=2202373,p=2314364,d=111991
15:55:08.349 
15:55:08.349 tg:same=0,b=2194382,p=2293044,d=98662
15:55:10.159 
15:55:10.159 tg:same=0,b=2198433,p=2312490,d=114057
15:55:13.021 
15:55:13.021 tg:same=0,b=2190791,p=2289334,d=98543
15:55:14.831 
15:55:14.831 tg:same=0,b=2199625,p=2307706,d=108081
15:55:17.695 
15:55:17.695 tg:same=0,b=2238016,p=2349646,d=111630
15:55:19.502 
15:55:19.502 tg:same=0,b=2208947,p=2325425,d=116478
15:55:22.367 
15:55:22.367 tg:same=0,b=2235811,p=2347635,d=111824
15:55:24.176 
15:55:24.176 tg:same=0,b=2217161,p=2317608,d=100447
15:55:27.044 
15:55:27.044 tg:same=0,b=2209763,p=2316980,d=107217
15:55:28.851 
15:55:28.851 tg:same=0,b=2218585,p=2329276,d=110691
15:55:30.407 
15:55:30.407 tg:same=0,b=2094247,p=2274506,d=180259
15:55:33.321 
15:55:33.321 tg:same=0,b=2219563,p=2330907,d=111344
15:55:35.079 
15:55:35.079 tg:same=0,b=2218761,p=2343435,d=124674
15:55:36.737 
15:55:36.737 tg:same=0,b=2259723,p=2183622,d=-76101
15:55:37.992 tg:same=1,b=2259723,p=2358220,d=98497
15:55:39.750 
15:55:39.750 tg:same=0,b=2216678,p=2296717,d=80039
15:55:42.665 
15:55:42.665 tg:same=0,b=2201376,p=2290847,d=89471
15:55:44.423 
15:55:44.423 tg:same=0,b=2224733,p=2333219,d=108486
15:55:47.285 
15:55:47.285 tg:same=0,b=2200018,p=2304805,d=104787
15:55:49.095 
15:55:49.095 tg:same=0,b=2218133,p=2311809,d=93676
15:55:51.957 
15:55:51.957 tg:same=0,b=2242665,p=2350045,d=107380
15:55:53.714 
15:55:53.714 tg:same=0,b=2221524,p=2345880,d=124356
15:55:55.371 
15:55:55.371 tg:same=0,b=2257117,p=2183028,d=-74089
15:55:56.626 tg:same=1,b=2257117,p=2352408,d=95291
15:55:58.383 
15:55:58.384 tg:same=0,b=2227299,p=2349919,d=122620
15:56:01.247 
15:56:01.247 tg:same=0,b=2187861,p=2279001,d=91140
15:56:02.959 
15:56:02.959 tg:same=0,b=2224661,p=2333892,d=109231
15:56:04.615 
15:56:04.616 tg:same=0,b=2176837,p=2265272,d=88435
15:56:05.821 tg:same=1,b=2176837,p=2288560,d=111723
15:56:07.630 
15:56:07.630 tg:same=0,b=2221440,p=2337285,d=115845
15:56:10.494 
15:56:10.494 tg:same=0,b=2223775,p=2343580,d=119805
15:56:12.252 
15:56:12.252 tg:same=0,b=2219113,p=2312508,d=93395
15:56:15.114 
15:56:15.114 tg:same=0,b=2219591,p=2322697,d=103106
15:56:16.874 
15:56:16.874 tg:same=0,b=2221489,p=2317193,d=95704
15:56:19.687 
15:56:19.687 tg:same=0,b=2288028,p=2400535,d=112507
15:56:21.445 
15:56:21.445 tg:same=0,b=2284755,p=2392832,d=108077
15:56:24.258 
15:56:24.258 tg:same=0,b=2362073,p=2456028,d=93955
15:56:26.016 
15:56:26.016 tg:same=0,b=2321927,p=2428644,d=106717
15:56:28.830 
15:56:28.830 tg:same=0,b=2274102,p=2372130,d=98028
15:56:30.589 
15:56:30.589 tg:same=0,b=2277289,p=2377104,d=99815
15:56:32.146 
15:56:32.146 tg:same=0,b=2257034,p=2088315,d=-168719
15:56:33.400 tg:same=1,b=2257034,p=2366311,d=109277
15:56:35.158 
15:56:35.158 tg:same=0,b=2257374,p=2372609,d=115235
15:56:38.021 
15:56:38.021 tg:same=0,b=2280364,p=2367728,d=87364
15:56:39.779 
15:56:39.779 tg:same=0,b=2246168,p=2354789,d=108621
15:56:42.641 
15:56:42.641 tg:same=0,b=2224213,p=2317798,d=93585
15:56:44.402 
15:56:44.452 tg:same=0,b=2232679,p=2348928,d=116249
15:56:47.269 
15:56:47.269 tg:same=0,b=2219185,p=2311734,d=92549
15:56:49.026 
15:56:49.027 tg:same=0,b=2228465,p=2320885,d=92420
15:56:54.757 >> utd
15:56:54.808 trigger debug off
