13:01:45.611 >> td
13:01:45.661 trigger debug on
13:01:52.167 tg:same=0,b=2241758,p=2342851,d=101093
13:01:53.879 
13:01:53.879 tg:same=0,b=2243553,p=2359181,d=115628
13:02:04.841 
13:02:04.841 tg:same=0,b=2245027,p=2352103,d=107076
13:02:06.602 
13:02:06.602 tg:same=0,b=2244904,p=2354528,d=109624
13:02:17.632 
13:02:17.632 tg:same=0,b=2236879,p=2326858,d=89979
13:02:19.393 
13:02:19.394 tg:same=0,b=2245214,p=2352988,d=107774
13:02:30.456 
13:02:30.456 tg:same=0,b=2239298,p=2340132,d=100834
13:02:32.215 
13:02:32.215 tg:same=0,b=2240911,p=2343666,d=102755
13:02:43.083 
13:02:43.083 tg:same=0,b=2240823,p=2351648,d=110825
13:02:44.953 
13:02:44.954 tg:same=0,b=2245357,p=2346238,d=100881
13:02:51.511 >> utd
13:02:51.561 trigger debug off
