13:28:30.977 >> td
13:28:31.027 trigger debug on
13:29:17.486 tg:same=0,b=2248776,p=2350037,d=101261
13:29:19.246 
13:29:19.246 tg:same=0,b=2235895,p=2348428,d=112533
13:29:32.341 
13:29:32.342 tg:same=0,b=2234830,p=2342566,d=107736
13:29:34.099 
13:29:34.099 tg:same=0,b=2230756,p=2332232,d=101476
13:29:41.699 
13:29:41.699 tg:same=0,b=2264906,p=2382444,d=117538
13:29:43.407 
13:29:43.407 tg:same=0,b=2269028,p=2386918,d=117890
13:29:50.795 
13:29:50.795 tg:same=0,b=2261215,p=2369321,d=108106
13:29:52.552 
13:29:52.553 tg:same=0,b=2254463,p=2360445,d=105982
13:30:00.742 
13:30:00.742 tg:same=0,b=2238769,p=2360350,d=121581
13:30:02.499 
13:30:02.499 tg:same=0,b=2234550,p=2334815,d=100265
13:30:10.032 
13:30:10.032 tg:same=0,b=2269298,p=2386382,d=117084
13:30:11.796 
13:30:11.796 tg:same=0,b=2273583,p=2382952,d=109369
13:30:19.333 
13:30:19.333 tg:same=0,b=2256767,p=2348086,d=91319
13:30:21.145 
13:30:21.145 tg:same=0,b=2256840,p=2358265,d=101425
13:30:29.281 
13:30:29.281 tg:same=0,b=2236021,p=2336434,d=100413
13:30:31.038 
13:30:31.038 tg:same=0,b=2236390,p=2348785,d=112395
13:30:43.447 
13:30:43.447 tg:same=0,b=2248753,p=2356588,d=107835
13:30:45.158 
13:30:45.158 tg:same=0,b=2242243,p=2353536,d=111293
13:30:48.378 
13:30:48.378 tg:same=0,b=2208406,p=2318514,d=110108
13:30:50.186 
13:30:50.187 tg:same=0,b=2223042,p=2333715,d=110673
13:30:53.401 
13:30:53.403 tg:same=0,b=2211727,p=2319312,d=107585
13:30:55.167 
13:30:55.167 tg:same=0,b=2225607,p=2338225,d=112618
13:30:57.133 
13:30:57.134 tg:same=0,b=2255862,p=2167732,d=-88130
13:30:58.391 tg:same=1,b=2255862,p=2359227,d=103365
13:31:00.151 
13:31:00.151 tg:same=0,b=2229291,p=2346107,d=116816
13:31:03.364 
13:31:03.364 tg:same=0,b=2241995,p=2340469,d=98474
13:31:05.175 
13:31:05.175 tg:same=0,b=2248451,p=2350873,d=102422
13:31:08.450 
13:31:08.450 tg:same=0,b=2246728,p=2360419,d=113691
13:31:10.214 
13:31:10.214 tg:same=0,b=2239172,p=2339338,d=100166
13:31:13.479 
13:31:13.479 tg:same=0,b=2199705,p=2288461,d=88756
13:31:15.243 
13:31:15.244 tg:same=0,b=2232033,p=2329892,d=97859
13:31:18.559 
13:31:18.559 tg:same=0,b=2224721,p=2333856,d=109135
13:31:20.329 
13:31:20.330 tg:same=0,b=2217469,p=2326977,d=109508
13:31:23.550 
13:31:23.550 tg:same=0,b=2215614,p=2317796,d=102182
13:31:25.313 
13:31:25.313 tg:same=0,b=2225262,p=2330200,d=104938
13:31:28.528 
13:31:28.528 tg:same=0,b=2266828,p=2368767,d=101939
13:31:30.340 
13:31:30.340 tg:same=0,b=2233025,p=2338710,d=105685
13:31:33.561 
13:31:33.561 tg:same=0,b=2246966,p=2352011,d=105045
13:31:35.322 
13:31:35.322 tg:same=0,b=2239933,p=2351021,d=111088
13:31:37.281 
13:31:37.281 tg:same=0,b=2285993,p=2196689,d=-89304
13:31:38.539 tg:same=1,b=2285993,p=2381803,d=95810
13:31:40.348 
13:31:40.349 tg:same=0,b=2243386,p=2334679,d=91293
13:31:43.523 
13:31:43.523 tg:same=0,b=2252003,p=2357148,d=105145
13:31:45.281 
13:31:45.281 tg:same=0,b=2244432,p=2342833,d=98401
13:31:48.502 
13:31:48.502 tg:same=0,b=2246496,p=2352069,d=105573
13:31:50.310 
13:31:50.310 tg:same=0,b=2257274,p=2366649,d=109375
13:31:52.220 
13:31:52.220 tg:same=0,b=2329041,p=2230618,d=-98423
13:31:53.475 tg:same=1,b=2329041,p=2426440,d=97399
13:31:55.284 
13:31:55.284 tg:same=0,b=2280882,p=2379890,d=99008
13:31:58.459 
13:31:58.459 tg:same=0,b=2332769,p=2445842,d=113073
13:32:00.226 
13:32:00.226 tg:same=0,b=2305356,p=2411259,d=105903
13:32:07.042 >> utd
13:32:07.093 trigger debug off
