2026-08-28 00:05:44 INFO Cleanup started (delete=0)
2026-08-28 00:05:59 INFO Cleanup started (delete=0)
2026-08-28 00:08:34 INFO Cleanup complete (delete=0, orphans=529)
2026-08-28 00:17:45 INFO Cleanup started (delete=1)
2026-08-28 00:25:40 INFO Deleted 516 orphaned file(s) from sys
2026-08-28 00:26:33 INFO Deleted 13 orphaned file(s) from macros
2026-08-28 00:26:34 INFO Cleanup complete (delete=1, orphans=529)
2026-08-28 00:26:52 INFO Cleanup started (delete=0)
2026-08-28 00:26:53 INFO Cleanup complete (delete=0, orphans=0)
2026-08-29 12:26:52 INFO Cleanup started (delete=0)
2026-08-29 12:26:53 INFO Cleanup complete (delete=0, orphans=2)
2026-08-29 12:27:02 INFO Cleanup started (delete=1)
2026-08-29 12:27:38 INFO Deleted 2 orphaned file(s) from sys
2026-08-29 12:27:39 INFO Cleanup complete (delete=1, orphans=2)
2026-08-29 12:27:45 INFO Cleanup started (delete=0)
2026-08-29 12:27:47 INFO Cleanup complete (delete=0, orphans=0)
2026-08-29 15:55:56 INFO Cleanup started (delete=0)
2026-08-29 15:55:58 INFO Cleanup complete (delete=0, orphans=0)
2026-08-29 22:02:31 INFO Cleanup started (delete=0)
2026-08-29 22:02:32 INFO Cleanup complete (delete=0, orphans=0)
2026-08-29 22:37:12 INFO Cleanup started (delete=0)
2026-08-29 22:37:29 INFO Cleanup complete (delete=0, orphans=0)
2026-08-29 22:43:52 INFO Cleanup started (delete=0)
2026-08-29 22:43:54 INFO Cleanup complete (delete=0, orphans=1)
2026-08-29 22:47:19 INFO Cleanup started (delete=1)
2026-08-29 22:47:38 INFO Aborted at prompt
2026-08-29 22:47:55 INFO Cleanup started (delete=0)
2026-08-29 22:47:57 INFO Cleanup complete (delete=0, orphans=1)
2026-08-29 22:48:08 INFO Cleanup started (delete=1)
2026-08-29 22:48:30 INFO Deleted 1 orphaned file(s) from sys
2026-08-29 22:48:31 INFO Cleanup complete (delete=1, orphans=1)
2026-08-29 22:48:35 INFO Cleanup started (delete=0)
2026-08-29 22:48:37 INFO Cleanup complete (delete=0, orphans=0)
2026-08-29 22:55:51 INFO Cleanup started (delete=0)
2026-08-29 22:55:53 INFO Cleanup complete (delete=0, orphans=2)
2026-08-29 23:01:12 INFO Cleanup started (delete=1)
2026-08-29 23:01:48 INFO Deleted 2 orphaned file(s) from sys
2026-08-29 23:01:49 INFO Cleanup complete (delete=1, orphans=2)
2026-08-29 23:01:59 INFO Cleanup started (delete=0)
2026-08-29 23:02:51 INFO Cleanup complete (delete=0, orphans=0)
2026-08-29 23:12:37 INFO Cleanup started (delete=1)
2026-08-29 23:12:39 INFO Cleanup complete (delete=1, orphans=0)
2026-08-29 23:25:51 INFO Cleanup started (delete=0)
2026-08-29 23:25:52 INFO Cleanup complete (delete=0, orphans=0)
2026-09-01 08:49:25 INFO Cleanup started (delete=0)
2026-09-01 08:49:27 INFO Cleanup complete (delete=0, orphans=0)
2026-09-09 09:55:08 INFO Cleanup started (delete=0)
2026-09-09 09:55:29 INFO Cleanup complete (delete=0, orphans=0)
2026-09-19 17:50:29 INFO Cleanup started (delete=0)
2026-09-19 17:50:31 INFO Cleanup complete (delete=0, orphans=10)
2026-09-19 17:51:49 INFO Cleanup started (delete=1)
2026-09-19 17:51:53 INFO Deleted 10 orphaned file(s) from sys
2026-09-19 17:51:55 INFO Cleanup complete (delete=1, orphans=10)
